// Jest Snapshot v1, https://goo.gl/fbAQLP

exports[`Header matches snapshot 1`] = `
<DocumentFragment>
  <header
    style="background-color: rgb(245, 245, 245); padding: 5px; text-align: center;"
  >
    <h1>
      <a
        href="/"
        style="text-decoration: none; color: rgb(51, 51, 51);"
      >
        Carcassonne
      </a>
    </h1>
  </header>
</DocumentFragment>
`;
